2026-09-28 19:46:43 [error]: SyntaxError: Bad escaped character in JSON at position 10 (line 1 column 11)
    at JSON.parse (<anonymous>)
    at parse (B:\Projects\UI-UX_Analyzer\backend\node_modules\body-parser\lib\types\json.js:96:19)
    at B:\Projects\UI-UX_Analyzer\backend\node_modules\body-parser\lib\read.js:128:18
    at AsyncResource.runInAsyncScope (node:async_hooks:214:14)
    at invokeCallback (B:\Projects\UI-UX_Analyzer\backend\node_modules\raw-body\index.js:238:16)
    at done (B:\Projects\UI-UX_Analyzer\backend\node_modules\raw-body\index.js:227:7)
    at IncomingMessage.onEnd (B:\Projects\UI-UX_Analyzer\backend\node_modules\raw-body\index.js:287:7)
    at IncomingMessage.emit (node:events:508:28)
    at endReadableNT (node:internal/streams/readable:1701:12)
    at process.processTicksAndRejections (node:internal/process/task_queues:89:21)
2026-09-28 19:47:15 [error]: Code generation failed:
2026-09-28 19:50:40 [error]: PrismaClientInitializationError: 
Invalid `prisma.project.findMany()` invocation:


Can't reach database server at `localhost:5432`

Please make sure your database server is running at `localhost:5432`.
    at $n.handleRequestError (B:\Projects\UI-UX_Analyzer\backend\node_modules\@prisma\client\runtime\library.js:121:7615)
    at $n.handleAndLogRequestError (B:\Projects\UI-UX_Analyzer\backend\node_modules\@prisma\client\runtime\library.js:121:6623)
    at $n.request (B:\Projects\UI-UX_Analyzer\backend\node_modules\@prisma\client\runtime\library.js:121:6307)
    at async l (B:\Projects\UI-UX_Analyzer\backend\node_modules\@prisma\client\runtime\library.js:130:9633)
    at async getProjects (file:///B:/Projects/UI-UX_Analyzer/backend/src/controllers/projectsController.js:7:22)
2026-09-28 19:50:44 [error]: PrismaClientInitializationError: 
Invalid `prisma.project.findMany()` invocation:


Can't reach database server at `localhost:5432`

Please make sure your database server is running at `localhost:5432`.
    at $n.handleRequestError (B:\Projects\UI-UX_Analyzer\backend\node_modules\@prisma\client\runtime\library.js:121:7615)
    at $n.handleAndLogRequestError (B:\Projects\UI-UX_Analyzer\backend\node_modules\@prisma\client\runtime\library.js:121:6623)
    at $n.request (B:\Projects\UI-UX_Analyzer\backend\node_modules\@prisma\client\runtime\library.js:121:6307)
    at async l (B:\Projects\UI-UX_Analyzer\backend\node_modules\@prisma\client\runtime\library.js:130:9633)
    at async getProjects (file:///B:/Projects/UI-UX_Analyzer/backend/src/controllers/projectsController.js:7:22)
2026-09-28 19:51:32 [error]: PrismaClientInitializationError: 
Invalid `prisma.project.findMany()` invocation:


Can't reach database server at `localhost:5432`

Please make sure your database server is running at `localhost:5432`.
    at $n.handleRequestError (B:\Projects\UI-UX_Analyzer\backend\node_modules\@prisma\client\runtime\library.js:121:7615)
    at $n.handleAndLogRequestError (B:\Projects\UI-UX_Analyzer\backend\node_modules\@prisma\client\runtime\library.js:121:6623)
    at $n.request (B:\Projects\UI-UX_Analyzer\backend\node_modules\@prisma\client\runtime\library.js:121:6307)
    at async l (B:\Projects\UI-UX_Analyzer\backend\node_modules\@prisma\client\runtime\library.js:130:9633)
    at async getProjects (file:///B:/Projects/UI-UX_Analyzer/backend/src/controllers/projectsController.js:7:22)
2026-09-28 19:51:36 [error]: PrismaClientInitializationError: 
Invalid `prisma.project.findMany()` invocation:


Can't reach database server at `localhost:5432`

Please make sure your database server is running at `localhost:5432`.
    at $n.handleRequestError (B:\Projects\UI-UX_Analyzer\backend\node_modules\@prisma\client\runtime\library.js:121:7615)
    at $n.handleAndLogRequestError (B:\Projects\UI-UX_Analyzer\backend\node_modules\@prisma\client\runtime\library.js:121:6623)
    at $n.request (B:\Projects\UI-UX_Analyzer\backend\node_modules\@prisma\client\runtime\library.js:121:6307)
    at async l (B:\Projects\UI-UX_Analyzer\backend\node_modules\@prisma\client\runtime\library.js:130:9633)
    at async getProjects (file:///B:/Projects/UI-UX_Analyzer/backend/src/controllers/projectsController.js:7:22)
2026-09-28 19:51:40 [error]: PrismaClientInitializationError: 
Invalid `prisma.project.findMany()` invocation:


Can't reach database server at `localhost:5432`

Please make sure your database server is running at `localhost:5432`.
    at $n.handleRequestError (B:\Projects\UI-UX_Analyzer\backend\node_modules\@prisma\client\runtime\library.js:121:7615)
    at $n.handleAndLogRequestError (B:\Projects\UI-UX_Analyzer\backend\node_modules\@prisma\client\runtime\library.js:121:6623)
    at $n.request (B:\Projects\UI-UX_Analyzer\backend\node_modules\@prisma\client\runtime\library.js:121:6307)
    at async l (B:\Projects\UI-UX_Analyzer\backend\node_modules\@prisma\client\runtime\library.js:130:9633)
    at async getProjects (file:///B:/Projects/UI-UX_Analyzer/backend/src/controllers/projectsController.js:7:22)
2026-09-28 19:51:44 [error]: PrismaClientInitializationError: 
Invalid `prisma.project.findMany()` invocation:


Can't reach database server at `localhost:5432`

Please make sure your database server is running at `localhost:5432`.
    at $n.handleRequestError (B:\Projects\UI-UX_Analyzer\backend\node_modules\@prisma\client\runtime\library.js:121:7615)
    at $n.handleAndLogRequestError (B:\Projects\UI-UX_Analyzer\backend\node_modules\@prisma\client\runtime\library.js:121:6623)
    at $n.request (B:\Projects\UI-UX_Analyzer\backend\node_modules\@prisma\client\runtime\library.js:121:6307)
    at async l (B:\Projects\UI-UX_Analyzer\backend\node_modules\@prisma\client\runtime\library.js:130:9633)
    at async getProjects (file:///B:/Projects/UI-UX_Analyzer/backend/src/controllers/projectsController.js:7:22)
2026-09-28 20:08:29 [error]: browserType.launch: Executable doesn't exist at C:\Users\bhara\AppData\Local\ms-playwright\chromium_headless_shell-1243\chrome-headless-shell-win64\chrome-headless-shell.exe
╔════════════════════════════════════════════════════════════╗
║ Looks like Playwright was just installed or updated.       ║
║ Please run the following command to download new browsers: ║
║                                                            ║
║     npx playwright install                                 ║
║                                                            ║
║ <3 Playwright Team                                         ║
╚════════════════════════════════════════════════════════════╝
    at analyzeWebsite (B:\Projects\UI-UX_Analyzer\backend\src\controllers\websiteController.js:52:43)
2026-09-28 20:10:20 [error]: browserType.launch: Executable doesn't exist at C:\Users\bhara\AppData\Local\ms-playwright\chromium_headless_shell-1243\chrome-headless-shell-win64\chrome-headless-shell.exe
╔════════════════════════════════════════════════════════════╗
║ Looks like Playwright was just installed or updated.       ║
║ Please run the following command to download new browsers: ║
║                                                            ║
║     npx playwright install                                 ║
║                                                            ║
║ <3 Playwright Team                                         ║
╚════════════════════════════════════════════════════════════╝
    at analyzeWebsite (B:\Projects\UI-UX_Analyzer\backend\src\controllers\websiteController.js:52:43)
2026-09-28 20:14:08 [error]: Code generation failed:
2026-09-28 20:14:49 [error]: browserType.launch: Executable doesn't exist at C:\Users\bhara\AppData\Local\ms-playwright\chromium_headless_shell-1243\chrome-headless-shell-win64\chrome-headless-shell.exe
╔════════════════════════════════════════════════════════════╗
║ Looks like Playwright was just installed or updated.       ║
║ Please run the following command to download new browsers: ║
║                                                            ║
║     npx playwright install                                 ║
║                                                            ║
║ <3 Playwright Team                                         ║
╚════════════════════════════════════════════════════════════╝
    at analyzeWebsite (B:\Projects\UI-UX_Analyzer\backend\src\controllers\websiteController.js:52:43)
2026-09-28 20:14:53 [error]: browserType.launch: Executable doesn't exist at C:\Users\bhara\AppData\Local\ms-playwright\chromium_headless_shell-1243\chrome-headless-shell-win64\chrome-headless-shell.exe
╔════════════════════════════════════════════════════════════╗
║ Looks like Playwright was just installed or updated.       ║
║ Please run the following command to download new browsers: ║
║                                                            ║
║     npx playwright install                                 ║
║                                                            ║
║ <3 Playwright Team                                         ║
╚════════════════════════════════════════════════════════════╝
    at analyzeWebsite (B:\Projects\UI-UX_Analyzer\backend\src\controllers\websiteController.js:52:43)
2026-09-28 20:17:27 [error]: browserType.launch: Executable doesn't exist at C:\Users\bhara\AppData\Local\ms-playwright\chromium_headless_shell-1243\chrome-headless-shell-win64\chrome-headless-shell.exe
╔════════════════════════════════════════════════════════════╗
║ Looks like Playwright was just installed or updated.       ║
║ Please run the following command to download new browsers: ║
║                                                            ║
║     npx playwright install                                 ║
║                                                            ║
║ <3 Playwright Team                                         ║
╚════════════════════════════════════════════════════════════╝
    at analyzeWebsite (B:\Projects\UI-UX_Analyzer\backend\src\controllers\websiteController.js:52:43)
2026-09-28 20:36:53 [error]: browserType.launch: Executable doesn't exist at C:\Users\bhara\AppData\Local\ms-playwright\chromium_headless_shell-1243\chrome-headless-shell-win64\chrome-headless-shell.exe
╔════════════════════════════════════════════════════════════╗
║ Looks like Playwright was just installed or updated.       ║
║ Please run the following command to download new browsers: ║
║                                                            ║
║     npx playwright install                                 ║
║                                                            ║
║ <3 Playwright Team                                         ║
╚════════════════════════════════════════════════════════════╝
    at analyzeWebsite (B:\Projects\UI-UX_Analyzer\backend\src\controllers\websiteController.js:52:43)
2026-09-28 20:38:12 [error]: browserType.launch: Executable doesn't exist at C:\Users\bhara\AppData\Local\ms-playwright\chromium_headless_shell-1243\chrome-headless-shell-win64\chrome-headless-shell.exe
╔════════════════════════════════════════════════════════════╗
║ Looks like Playwright was just installed or updated.       ║
║ Please run the following command to download new browsers: ║
║                                                            ║
║     npx playwright install                                 ║
║                                                            ║
║ <3 Playwright Team                                         ║
╚════════════════════════════════════════════════════════════╝
    at analyzeWebsite (B:\Projects\UI-UX_Analyzer\backend\src\controllers\websiteController.js:52:43)
2026-09-28 20:39:01 [error]: browserType.launch: Executable doesn't exist at C:\Users\bhara\AppData\Local\ms-playwright\chromium_headless_shell-1243\chrome-headless-shell-win64\chrome-headless-shell.exe
╔════════════════════════════════════════════════════════════╗
║ Looks like Playwright was just installed or updated.       ║
║ Please run the following command to download new browsers: ║
║                                                            ║
║     npx playwright install                                 ║
║                                                            ║
║ <3 Playwright Team                                         ║
╚════════════════════════════════════════════════════════════╝
    at analyzeWebsite (B:\Projects\UI-UX_Analyzer\backend\src\controllers\websiteController.js:52:43)
2026-09-28 20:39:51 [error]: browserType.launch: Executable doesn't exist at C:\Users\bhara\AppData\Local\ms-playwright\chromium_headless_shell-1243\chrome-headless-shell-win64\chrome-headless-shell.exe
╔════════════════════════════════════════════════════════════╗
║ Looks like Playwright was just installed or updated.       ║
║ Please run the following command to download new browsers: ║
║                                                            ║
║     npx playwright install                                 ║
║                                                            ║
║ <3 Playwright Team                                         ║
╚════════════════════════════════════════════════════════════╝
    at analyzeWebsite (B:\Projects\UI-UX_Analyzer\backend\src\controllers\websiteController.js:52:43)
2026-09-29 11:45:14 [error]: SyntaxError: Bad escaped character in JSON at position 10 (line 1 column 11)
    at JSON.parse (<anonymous>)
    at parse (B:\Projects\UI-UX_Analyzer\backend\node_modules\body-parser\lib\types\json.js:96:19)
    at B:\Projects\UI-UX_Analyzer\backend\node_modules\body-parser\lib\read.js:128:18
    at AsyncResource.runInAsyncScope (node:async_hooks:214:14)
    at invokeCallback (B:\Projects\UI-UX_Analyzer\backend\node_modules\raw-body\index.js:238:16)
    at done (B:\Projects\UI-UX_Analyzer\backend\node_modules\raw-body\index.js:227:7)
    at IncomingMessage.onEnd (B:\Projects\UI-UX_Analyzer\backend\node_modules\raw-body\index.js:287:7)
    at IncomingMessage.emit (node:events:508:28)
    at endReadableNT (node:internal/streams/readable:1701:12)
    at process.processTicksAndRejections (node:internal/process/task_queues:89:21)
